{
    "serverName": "example.com",
    "time": 1708595467,
    "sent": "GET / HTTP/1.1\r\nhost: example.com\r\naccept: */*\r\naccept-encoding: identity\r\nconnection: close\r\nuser-agent: XXXXXXXXXXXXXXXXXXXXXXXXXXXXXXXXXXXXXXXXXXXXXXXXXXXXXXXXXXXXXXXXXXXXXXXXXXXXXXXXXXXXXXXXXXXXXXXXXXXXX\r\n\r\n",
    "recv": "HTTP/1.1 200 OK\r\nAge: 519895\r\nCache-Control: max-age=604800\r\nContent-Type: text/html; charset=UTF-8\r\nDate: Thu, 22 Feb 2024 09:51:08 GMT\r\nEtag: \"3147526947+ident\"\r\nExpires: Thu, 29 Feb 2024 09:51:08 GMT\r\nLast-Modified: Thu, 17 Oct 2019 07:18:26 GMT\r\nServer: ECS (dce/26A0)\r\nVary: Accept-Encoding\r\nX-Cache: HIT\r\nContent-Length: 1256\r\nConnection: close\r\n\r\n<!doctype html>\n<html>\n<head>\n    <title>XXXXXXXXXXXXXX</title>\n\n    <meta charset=\"utf-8\" />\n    <meta http-equiv=\"Content-type\" content=\"text/html; charset=utf-8\" />\n    <meta name=\"viewport\" content=\"width=device-width, initial-scale=1\" />\n    <style type=\"text/css\">\n    body {\n        background-color: #f0f0f2;\n        margin: 0;\n        padding: 0;\n        font-family: -apple-system, system-ui, BlinkMacSystemFont, \"Segoe UI\", \"Open Sans\", \"Helvetica Neue\", Helvetica, Arial, sans-serif;\n        \n    }\n    div {\n        width: 600px;\n        margin: 5em auto;\n        padding: 2em;\n        background-color: #fdfdff;\n        border-radius: 0.5em;\n        box-shadow: 2px 3px 7px 2px rgba(0,0,0,0.02);\n    }\n    a:link, a:visited {\n        color: #38488f;\n        text-decoration: none;\n    }\n    @media (max-width: 700px) {\n        div {\n            margin: 0 auto;\n            width: auto;\n        }\n    }\n    </style>    \n</head>\n\n<body>\n<div>\n    <h1>XXXXXXXXXXXXXX</h1>\n    <p>This domain is for use in illustrative examples in documents. You may use this\n    domain in literature without prior coordination or asking for permission.</p>\n    <p><a href=\"https://www.iana.org/domains/example\">More information...</a></p>\n</div>\n</body>\n</html>\n",
    "notaryUrl": "http://localhost"
}